// Vitest Snapshot v1, https://vitest.dev/guide/snapshot.html

exports[`DataList > it should be render 1`] = `
<div>
  <div>
    <div
      class="dataItem"
      style="display: block;"
    >
      <div>
        <span>
          id:
          0
        </span>
        <span>
          name:
          0
        </span>
      </div>
    </div>
    <div
      class="dataItem"
      style="display: block;"
    >
      <div>
        <span>
          id:
          1
        </span>
        <span>
          name:
          1
        </span>
      </div>
    </div>
    <div
      class="dataItem"
      style="display: block;"
    >
      <div>
        <span>
          id:
          2
        </span>
        <span>
          name:
          2
        </span>
      </div>
    </div>
  </div>
</div>
`;
